// Jest Snapshot v1, https://goo.gl/fbAQLP

exports[`PortfolioItems should render correctly 1`] = `<ul />`;
