// Jest Snapshot v1, https://goo.gl/fbAQLP

exports[`Backdrop should render correctly 1`] = `<Aux />`;
