// Jest Snapshot v1, https://goo.gl/fbAQLP

exports[`BreadCrumbs should render correctly 1`] = `<div />`;
