// Jest Snapshot v1, https://goo.gl/fbAQLP

exports[`NavigationItem should render correctly 1`] = `
<li>
  <NavLink
    to="mockRoute"
  >
    mockName
  </NavLink>
</li>
`;
